=== Build Script Output ===
Return code: 2

=== STDOUT ===
Building gelu_mul AscendC kernel...
-- The C compiler identification is GNU 11.4.0
-- The CXX compiler identification is GNU 11.4.0
-- Detecting C compiler ABI info
-- Detecting C compiler ABI info - done
-- Check for working C compiler: /usr/bin/cc - skipped
-- Detecting C compile features
-- Detecting C compile features - done
-- Detecting CXX compiler ABI info
-- Detecting CXX compiler ABI info - done
-- Check for working CXX compiler: /usr/bin/c++ - skipped
-- Detecting CXX compile features
-- Detecting CXX compile features - done
-- Found Python3: /usr/local/python3.11.14/bin/python3 (found version "3.11.14") found components: Interpreter Development Development.Module Development.Embed 
-- Found Torch: /usr/local/python3.11.14/lib/python3.11/site-packages/torch/lib/libtorch.so  
-- Performing Test HAS_FLTO_AUTO
-- Performing Test HAS_FLTO_AUTO - Success
-- Found pybind11: /usr/local/python3.11.14/lib/python3.11/site-packages/pybind11/include (found version "3.0.4")
-- Configuring done
-- Generating done
-- Build files have been written to: /home/hrl-kope/AscendOpGenAgent/logs/tmp/openops_gelu_mul_ibsncq7_/extract/GeluMulCustom/build
[ 66%] Building CXX object CMakeFiles/_ext_cpp.dir/gelu_mul.cpp.o
[ 66%] Building CXX object CMakeFiles/_ext_cpp.dir/pybind11.cpp.o


=== STDERR ===
CMake Warning at /usr/local/python3.11.14/lib/python3.11/site-packages/torch/share/cmake/Torch/TorchConfig.cmake:22 (message):
  static library kineto_LIBRARY-NOTFOUND not found.
Call Stack (most recent call first):
  /usr/local/python3.11.14/lib/python3.11/site-packages/torch/share/cmake/Torch/TorchConfig.cmake:125 (append_torchlib_if_found)
  CMakeLists.txt:25 (find_package)


CMake Warning:
  Manually-specified variables were not used by the project:

    KERNEL_NAME


In file included from /usr/local/Ascend/cann-8.5.0/aarch64-linux/asc/include/kernel_operator.h:18,
                 from /home/hrl-kope/AscendOpGenAgent/logs/tmp/openops_gelu_mul_ibsncq7_/extract/GeluMulCustom/gelu_mul.cpp:1:
/usr/local/Ascend/cann-8.5.0/aarch64-linux/asc/impl/basic_api/kernel_tpipe_impl.h:22:10: fatal error: kernel_tpipe.h: No such file or directory
   22 | #include "kernel_tpipe.h"
      |          ^~~~~~~~~~~~~~~~
compilation terminated.
make[2]: *** [CMakeFiles/_ext_cpp.dir/build.make:76: CMakeFiles/_ext_cpp.dir/gelu_mul.cpp.o] Error 1
make[2]: *** Waiting for unfinished jobs....
In file included from /usr/local/Ascend/cann-8.5.0/aarch64-linux/asc/include/kernel_operator.h:18,
                 from /home/hrl-kope/AscendOpGenAgent/logs/tmp/openops_gelu_mul_ibsncq7_/extract/GeluMulCustom/kernel_common.h:3,
                 from /home/hrl-kope/AscendOpGenAgent/logs/tmp/openops_gelu_mul_ibsncq7_/extract/GeluMulCustom/pybind11.cpp:9:
/usr/local/Ascend/cann-8.5.0/aarch64-linux/asc/impl/basic_api/kernel_tpipe_impl.h:22:10: fatal error: kernel_tpipe.h: No such file or directory
   22 | #include "kernel_tpipe.h"
      |          ^~~~~~~~~~~~~~~~
compilation terminated.
make[2]: *** [CMakeFiles/_ext_cpp.dir/build.make:90: CMakeFiles/_ext_cpp.dir/pybind11.cpp.o] Error 1
make[1]: *** [CMakeFiles/Makefile2:83: CMakeFiles/_ext_cpp.dir/all] Error 2
make: *** [Makefile:91: all] Error 2

