=== Build Script Output ===
Return code: 1

=== STDOUT ===
Building gelu AscendC kernel...
-- The C compiler identification is GNU 11.4.0
-- The CXX compiler identification is GNU 11.4.0
-- Detecting C compiler ABI info
-- Detecting C compiler ABI info - done
-- Check for working C compiler: /usr/bin/cc - skipped
-- Detecting C compile features
-- Detecting C compile features - done
-- Detecting CXX compiler ABI info
-- Detecting CXX compiler ABI info - done
-- Check for working CXX compiler: /usr/bin/c++ - skipped
-- Detecting CXX compile features
-- Detecting CXX compile features - done
-- Found Python: /usr/local/python3.11.14/bin/python3 (found version "3.11.14") found components: Interpreter Development Development.Module Development.Embed 
-- Configuring incomplete, errors occurred!
See also "/home/hrl-kope/AscendOpGenAgent/logs/tmp/openops_gelu_sq2v028w/extract/GeluCustom/build/CMakeFiles/CMakeOutput.log".


=== STDERR ===
CMake Error at CMakeLists.txt:16 (find_package):
  By not providing "FindTorch.cmake" in CMAKE_MODULE_PATH this project has
  asked CMake to find a package configuration file provided by "Torch", but
  CMake did not find one.

  Could not find a package configuration file provided by "Torch" with any of
  the following names:

    TorchConfig.cmake
    torch-config.cmake

  Add the installation prefix of "Torch" to CMAKE_PREFIX_PATH or set
  "Torch_DIR" to a directory containing one of the above files.  If "Torch"
  provides a separate development package or SDK, be sure it has been
  installed.



